[backblue.gif]
[fade.gif]
[index.html]
[the7demozone.dreamthemecom.netdna-cdn.com/main/wp-content/themes/dt-the7/js/plugins/validator/validationEngine.jquery7868.css]
[the7demozone.dreamthemecom.netdna-cdn.com/main/wp-content/plugins/contact-form-7/includes/css/stylesf2b5.css]
[the7demozone.dreamthemecom.netdna-cdn.com/main/wp-content/plugins/recent-tweets-widget/tp_twitter_plugin5152.css]
[the7demozone.dreamthemecom.netdna-cdn.com/main/wp-content/plugins/LayerSlider/static/css/layersliderce52.css]
[the7demozone.dreamthemecom.netdna-cdn.com/main/wp-content/plugins/go_pricing/assets/css/go_pricing_styles0d63.css]
[the7demozone.dreamthemecom.netdna-cdn.com/main/wp-content/plugins/go_pricing/assets/plugins/js/mediaelementjs/mediaelementplayer.min0d63.css]
[the7demozone.dreamthemecom.netdna-cdn.com/main/wp-content/plugins/go_pricing/assets/plugins/js/mediaelementjs/skin/mediaelementplayer0d63.css]
[the7demozone.dreamthemecom.netdna-cdn.com/main/wp-content/plugins/revslider/rs-plugin/css/settings94aa.css]
[the7demozone.dreamthemecom.netdna-cdn.com/main/wp-content/themes/dt-the7/css/font-awesome.mina352.css]
[the7demozone.dreamthemecom.netdna-cdn.com/main/wp-content/plugins/dt-demostand/css/public3ec8.css]
[the7demozone.dreamthemecom.netdna-cdn.com/main/wp-content/themes/dt-the7/css/mediaa352.css]
[the7demozone.dreamthemecom.netdna-cdn.com/main/wp-content/plugins/dt-demostand/css/compiled/custom-new6a352.css]
[the7demozone.dreamthemecom.netdna-cdn.com/main/wp-content/themes/dt-the7/css/maina352.css]
[the7demozone.dreamthemecom.netdna-cdn.com/main/wp-content/themes/dt-the7/royalslider/royalslidera352.css]
[the7demozone.dreamthemecom.netdna-cdn.com/main/wp-content/themes/dt-the7/stylea352.css]
[the7demozone.dreamthemecom.netdna-cdn.com/main/wp-content/plugins/LayerSlider/static/js/layerslider.transitionsce52.js]
[the7demozone.dreamthemecom.netdna-cdn.com/main/wp-content/plugins/LayerSlider/static/js/layerslider.kreaturamedia.jqueryce52.js]
[the7demozone.dreamthemecom.netdna-cdn.com/main/wp-includes/js/jquery/jquerya4e6.js]
[the7demozone.dreamthemecom.netdna-cdn.com/main/wp-content/plugins/LayerSlider/static/js/greensock4a80.js]
[the7demozone.dreamthemecom.netdna-cdn.com/main/wp-content/plugins/revslider/rs-plugin/js/jquery.themepunch.plugins.min94aa.js]
[the7demozone.dreamthemecom.netdna-cdn.com/main/wp-content/themes/dt-the7/inc/presets/images/full/skin1.general-floating-menu-logo-regular.png]
[the7demozone.dreamthemecom.netdna-cdn.com/main/wp-content/themes/dt-the7/js/modernizra352.js]
[the7demozone.dreamthemecom.netdna-cdn.com/main/wp-content/themes/dt-the7/inc/presets/images/full/skin1.header-logo-regular.png]
[the7demozone.dreamthemecom.netdna-cdn.com/main/wp-content/themes/dt-the7/js/svg-iconsa352.js]
[the7demozone.dreamthemecom.netdna-cdn.com/main/wp-content/uploads/sites/9/revslider/sliderpreview/slidebg1.jpg]
[the7demozone.dreamthemecom.netdna-cdn.com/main/wp-content/uploads/sites/9/revslider/sliderpreview/bg-art-slider-white-black.png]
[the7demozone.dreamthemecom.netdna-cdn.com/main/wp-content/uploads/sites/9/revslider/sliderpreview/bg-art-slider-white.png]
[the7demozone.dreamthemecom.netdna-cdn.com/main/wp-content/plugins/revslider/rs-plugin/js/jquery.themepunch.revolution.min94aa.js]
[the7demozone.dreamthemecom.netdna-cdn.com/main/wp-content/uploads/sites/9/revslider/sliderpreview/happy-people.png]
[the7demozone.dreamthemecom.netdna-cdn.com/main/wp-content/uploads/sites/9/revslider/sliderpreview/sl-mult.png]
[the7demozone.dreamthemecom.netdna-cdn.com/main/wp-content/uploads/sites/9/revslider/sliderpreview/7-v4.png]
[the7demozone.dreamthemecom.netdna-cdn.com/main/wp-content/uploads/sites/9/revslider/sliderpreview/sl-woo.png]
[the7demozone.dreamthemecom.netdna-cdn.com/main/wp-content/uploads/sites/9/revslider/sliderpreview/sl-vc.png]
[the7demozone.dreamthemecom.netdna-cdn.com/main/wp-content/uploads/sites/9/revslider/sliderpreview/sl-seo.png]
[the7demozone.dreamthemecom.netdna-cdn.com/main/wp-content/uploads/sites/9/2013/08/dt-032.jpg]
[the7demozone.dreamthemecom.netdna-cdn.com/main/wp-content/uploads/sites/9/2013/08/dt-032-600x600.jpg]
[the7demozone.dreamthemecom.netdna-cdn.com/main/wp-content/uploads/sites/9/2013/08/dt-008.jpg]
[the7demozone.dreamthemecom.netdna-cdn.com/main/wp-content/uploads/sites/9/2013/08/dt-008-300x300.jpg]
[the7demozone.dreamthemecom.netdna-cdn.com/main/wp-content/uploads/sites/9/2013/08/dt-037.jpg]
[the7demozone.dreamthemecom.netdna-cdn.com/main/wp-content/uploads/sites/9/2013/08/dt-037-300x300.jpg]
[the7demozone.dreamthemecom.netdna-cdn.com/main/wp-content/uploads/sites/9/2013/08/dt-013.jpg]
[the7demozone.dreamthemecom.netdna-cdn.com/main/wp-content/uploads/sites/9/2013/08/dt-013-300x300.jpg]
[the7demozone.dreamthemecom.netdna-cdn.com/main/wp-content/uploads/sites/9/2013/08/dt-041.jpg]
[the7demozone.dreamthemecom.netdna-cdn.com/main/wp-content/uploads/sites/9/2013/08/dt-041-300x300.jpg]
[the7demozone.dreamthemecom.netdna-cdn.com/main/wp-content/uploads/sites/9/2013/08/dt-027.jpg]
[the7demozone.dreamthemecom.netdna-cdn.com/main/wp-content/uploads/sites/9/2013/08/dt-027-300x300.jpg]
[the7demozone.dreamthemecom.netdna-cdn.com/main/wp-content/uploads/sites/9/2013/08/dt-002.jpg]
[the7demozone.dreamthemecom.netdna-cdn.com/main/wp-content/uploads/sites/9/2013/08/dt-002-300x300.jpg]
[the7demozone.dreamthemecom.netdna-cdn.com/main/wp-content/uploads/sites/9/2013/08/dt-029.jpg]
[the7demozone.dreamthemecom.netdna-cdn.com/main/wp-content/uploads/sites/9/2013/08/dt-029-300x300.jpg]
[the7demozone.dreamthemecom.netdna-cdn.com/main/wp-content/uploads/sites/9/2013/08/dt-048.jpg]
[the7demozone.dreamthemecom.netdna-cdn.com/main/wp-content/uploads/sites/9/2013/08/dt-048-300x300.jpg]
[the7demozone.dreamthemecom.netdna-cdn.com/main/wp-content/uploads/sites/9/2013/08/dt-016.jpg]
[the7demozone.dreamthemecom.netdna-cdn.com/main/wp-content/uploads/sites/9/2013/08/dt-016-300x300.jpg]
[the7demozone.dreamthemecom.netdna-cdn.com/main/wp-content/uploads/sites/9/2013/08/dt-036.jpg]
[the7demozone.dreamthemecom.netdna-cdn.com/main/wp-content/uploads/sites/9/2013/08/dt-036-300x300.jpg]
[the7demozone.dreamthemecom.netdna-cdn.com/main/wp-content/uploads/sites/9/2013/08/dt-003.jpg]
[the7demozone.dreamthemecom.netdna-cdn.com/main/wp-content/uploads/sites/9/2013/08/dt-003-300x300.jpg]
[the7demozone.dreamthemecom.netdna-cdn.com/main/wp-content/uploads/sites/9/2013/12/dt-006.jpg]
[the7demozone.dreamthemecom.netdna-cdn.com/main/wp-content/uploads/sites/9/2013/12/dt-004.jpg]
[the7demozone.dreamthemecom.netdna-cdn.com/main/wp-content/uploads/sites/9/2013/12/dt-002.jpg]
[the7demozone.dreamthemecom.netdna-cdn.com/main/wp-content/uploads/sites/9/2013/05/cl4-50x50.jpg]
[the7demozone.dreamthemecom.netdna-cdn.com/main/wp-content/uploads/sites/9/2013/05/cl5-50x50.jpg]
[the7demozone.dreamthemecom.netdna-cdn.com/main/wp-content/uploads/sites/9/2013/05/cl3-50x50.jpg]
[the7demozone.dreamthemecom.netdna-cdn.com/main/wp-content/uploads/sites/9/2013/05/cl2-50x50.jpg]
[the7demozone.dreamthemecom.netdna-cdn.com/main/wp-content/themes/dt-the7/inc/presets/images/full/skin1.bottom-bar-logo-regular.png]
[the7demozone.dreamthemecom.netdna-cdn.com/main/wp-content/themes/dt-the7/wpbakery/js_composer/assets/css/js_composer_front8aee.css]
[the7demozone.dreamthemecom.netdna-cdn.com/main/wp-content/plugins/contact-form-7/includes/js/jquery.form.min9d5c.js]
[the7demozone.dreamthemecom.netdna-cdn.com/main/wp-content/plugins/contact-form-7/includes/js/scriptsf2b5.js]
[the7demozone.dreamthemecom.netdna-cdn.com/main/wp-content/plugins/go_pricing/assets/js/go_pricing_scripts0d63.js]
[the7demozone.dreamthemecom.netdna-cdn.com/main/wp-includes/js/mediaelement/wp-mediaelement7868.js]
[the7demozone.dreamthemecom.netdna-cdn.com/main/wp-includes/js/mediaelement/mediaelement-and-player.min9066.js]
[the7demozone.dreamthemecom.netdna-cdn.com/main/wp-content/themes/dt-the7/js/animate-elementsa352.js]
[the7demozone.dreamthemecom.netdna-cdn.com/main/wp-content/themes/dt-the7/royalslider/jquery.royalslidera352.js]
[the7demozone.dreamthemecom.netdna-cdn.com/main/wp-content/themes/dt-the7/js/desktop-tableta352.js]
[the7demozone.dreamthemecom.netdna-cdn.com/main/wp-content/themes/dt-the7/js/desktopa352.js]
[the7demozone.dreamthemecom.netdna-cdn.com/main/wp-content/plugins/dt-demostand/js/public3ec8.js]
[the7demozone.dreamthemecom.netdna-cdn.com/main/wp-content/themes/dt-the7/js/pluginsa352.js]
[the7demozone.dreamthemecom.netdna-cdn.com/main/wp-content/themes/dt-the7/js/maina352.js]
[the7demozone.dreamthemecom.netdna-cdn.com/main/wp-content/themes/dt-the7/wpbakery/js_composer/assets/js/js_composer_front8aee.js]
[the7demozone.dreamthemecom.netdna-cdn.com/main/wp-includes/js/jquery/ui/jquery.ui.core.min2c18.js]
[the7demozone.dreamthemecom.netdna-cdn.com/main/wp-includes/js/jquery/ui/jquery.ui.widget.min2c18.js]
[the7demozone.dreamthemecom.netdna-cdn.com/main/wp-includes/js/jquery/ui/jquery.ui.tabs.min2c18.js]
[the7demozone.dreamthemecom.netdna-cdn.com/main/wp-content/themes/dt-the7/wpbakery/js_composer/assets/lib/jquery-ui-tabs-rotate/jquery-ui-tabs-rotate8aee.js]
[the7demozone.dreamthemecom.netdna-cdn.com/main/wp-includes/js/jquery/ui/jquery.ui.accordion.min2c18.js]
[the7demozone.dreamthemecom.netdna-cdn.com/main/wp-content/themes/dt-the7/js/plugins/validator/jquery.validationEnginec141.js]
[the7demozone.dreamthemecom.netdna-cdn.com/main/wp-content/themes/dt-the7/js/plugins/validator/languages/jquery.validationEngine-enc141.js]
[the7demozone.dreamthemecom.netdna-cdn.com/main/wp-content/themes/dt-the7/js/dt-contact-form7868.js]
[the7demozone.dreamthemecom.netdna-cdn.com/main/wp-content/themes/dt-the7/inc/presets/icons/new6.jpg]
[the7demozone.dreamthemecom.netdna-cdn.com/main/wp-content/themes/dt-the7/inc/presets/icons/skin1.jpg]
[the7demozone.dreamthemecom.netdna-cdn.com/main/wp-content/themes/dt-the7/inc/presets/icons/skin3.jpg]
[the7demozone.dreamthemecom.netdna-cdn.com/main/wp-content/themes/dt-the7/inc/presets/icons/skin5.jpg]
[the7demozone.dreamthemecom.netdna-cdn.com/main/wp-content/themes/dt-the7/inc/presets/icons/skin6.jpg]
[the7demozone.dreamthemecom.netdna-cdn.com/main/wp-content/themes/dt-the7/inc/presets/icons/skin4.jpg]
[the7demozone.dreamthemecom.netdna-cdn.com/main/wp-content/themes/dt-the7/inc/presets/icons/new1.jpg]
[the7demozone.dreamthemecom.netdna-cdn.com/main/wp-content/themes/dt-the7/inc/presets/icons/new3.jpg]
[the7demozone.dreamthemecom.netdna-cdn.com/main/wp-content/themes/dt-the7/inc/presets/icons/new2.jpg]
[the7demozone.dreamthemecom.netdna-cdn.com/main/wp-content/themes/dt-the7/inc/presets/icons/skin2.jpg]
[the7demozone.dreamthemecom.netdna-cdn.com/main/wp-content/themes/dt-the7/inc/presets/icons/new4.jpg]
[the7demozone.dreamthemecom.netdna-cdn.com/main/wp-content/themes/dt-the7/inc/presets/icons/new5.jpg]
[the7.dream-demo.com/main/slideshows/revolution-slider/revolution-fancy-header-01/index.html]
[the7.dream-demo.com/main/slideshows/revolution-slider/revolution-fancy-header-01/GET.html]
[the7demozone.dreamthemecom.netdna-cdn.com/main/wp-content/themes/dt-the7/js/plugins/validator/validationEngine.jquery7868.css]
[the7demozone.dreamthemecom.netdna-cdn.com/main/wp-content/plugins/contact-form-7/includes/css/stylesf2b5.css]
[the7demozone.dreamthemecom.netdna-cdn.com/main/wp-content/plugins/recent-tweets-widget/assets/tweet.png]
[the7demozone.dreamthemecom.netdna-cdn.com/main/wp-content/plugins/recent-tweets-widget/tp_twitter_plugin5152.css]
[the7demozone.dreamthemecom.netdna-cdn.com/main/wp-content/plugins/LayerSlider/static/css/blank.gif]
[the7demozone.dreamthemecom.netdna-cdn.com/main/wp-content/plugins/LayerSlider/static/css/layersliderce52.css]
[the7demozone.dreamthemecom.netdna-cdn.com/main/wp-content/plugins/go_pricing/assets/images/signs/icon_team_light_skype.png]
[the7demozone.dreamthemecom.netdna-cdn.com/main/wp-content/plugins/go_pricing/assets/images/signs/icon_team_light_facebook.png]
[the7demozone.dreamthemecom.netdna-cdn.com/main/wp-content/plugins/go_pricing/assets/images/signs/icon_team_light_twitter.png]
[the7demozone.dreamthemecom.netdna-cdn.com/main/wp-content/plugins/go_pricing/assets/images/signs/icon_team_light_email.png]
[the7demozone.dreamthemecom.netdna-cdn.com/main/wp-content/plugins/go_pricing/assets/images/signs/icon_team_dark_skype.png]
[the7demozone.dreamthemecom.netdna-cdn.com/main/wp-content/plugins/go_pricing/assets/images/signs/icon_team_dark_facebook.png]
[the7demozone.dreamthemecom.netdna-cdn.com/main/wp-content/plugins/go_pricing/assets/images/signs/icon_team_dark_twitter.png]
[the7demozone.dreamthemecom.netdna-cdn.com/main/wp-content/plugins/go_pricing/assets/images/signs/icon_team_dark_email.png]
[the7demozone.dreamthemecom.netdna-cdn.com/main/wp-content/plugins/go_pricing/assets/images/signs/icon_light_arrow.png]
[the7demozone.dreamthemecom.netdna-cdn.com/main/wp-content/plugins/go_pricing/assets/images/signs/icon_light_arrow2.png]
[the7demozone.dreamthemecom.netdna-cdn.com/main/wp-content/plugins/go_pricing/assets/images/signs/icon_light_circle.png]
[the7demozone.dreamthemecom.netdna-cdn.com/main/wp-content/plugins/go_pricing/assets/images/signs/icon_light_cross.png]
[the7demozone.dreamthemecom.netdna-cdn.com/main/wp-content/plugins/go_pricing/assets/images/signs/icon_light_dot.png]
[the7demozone.dreamthemecom.netdna-cdn.com/main/wp-content/plugins/go_pricing/assets/images/signs/icon_light_minus.png]
[the7demozone.dreamthemecom.netdna-cdn.com/main/wp-content/plugins/go_pricing/assets/images/signs/icon_light_ok.png]
[the7demozone.dreamthemecom.netdna-cdn.com/main/wp-content/plugins/go_pricing/assets/images/signs/icon_light_plus.png]
[the7demozone.dreamthemecom.netdna-cdn.com/main/wp-content/plugins/go_pricing/assets/images/signs/icon_light_star.png]
[the7demozone.dreamthemecom.netdna-cdn.com/main/wp-content/plugins/go_pricing/assets/images/signs/icon_dark_arrow.png]
[the7demozone.dreamthemecom.netdna-cdn.com/main/wp-content/plugins/go_pricing/assets/images/signs/icon_dark_arrow2.png]
[the7demozone.dreamthemecom.netdna-cdn.com/main/wp-content/plugins/go_pricing/assets/images/signs/icon_dark_circle.png]
[the7demozone.dreamthemecom.netdna-cdn.com/main/wp-content/plugins/go_pricing/assets/images/signs/icon_dark_cross.png]
[the7demozone.dreamthemecom.netdna-cdn.com/main/wp-content/plugins/go_pricing/assets/images/signs/icon_dark_dot.png]
[the7demozone.dreamthemecom.netdna-cdn.com/main/wp-content/plugins/go_pricing/assets/images/signs/icon_dark_minus.png]
[the7demozone.dreamthemecom.netdna-cdn.com/main/wp-content/plugins/go_pricing/assets/images/signs/icon_dark_ok.png]
[the7demozone.dreamthemecom.netdna-cdn.com/main/wp-content/plugins/go_pricing/assets/images/signs/icon_dark_plus.png]
[the7demozone.dreamthemecom.netdna-cdn.com/main/wp-content/plugins/go_pricing/assets/images/signs/icon_dark_star.png]
[the7demozone.dreamthemecom.netdna-cdn.com/main/wp-content/plugins/go_pricing/assets/images/signs/icon_red_arrow.png]
[the7demozone.dreamthemecom.netdna-cdn.com/main/wp-content/plugins/go_pricing/assets/images/signs/icon_red_arrow2.png]
[the7demozone.dreamthemecom.netdna-cdn.com/main/wp-content/plugins/go_pricing/assets/images/signs/icon_red_circle.png]
[the7demozone.dreamthemecom.netdna-cdn.com/main/wp-content/plugins/go_pricing/assets/images/signs/icon_red_cross.png]
[the7demozone.dreamthemecom.netdna-cdn.com/main/wp-content/plugins/go_pricing/assets/images/signs/icon_red_dot.png]
[the7demozone.dreamthemecom.netdna-cdn.com/main/wp-content/plugins/go_pricing/assets/images/signs/icon_red_minus.png]
[the7demozone.dreamthemecom.netdna-cdn.com/main/wp-content/plugins/go_pricing/assets/images/signs/icon_red_ok.png]
[the7demozone.dreamthemecom.netdna-cdn.com/main/wp-content/plugins/go_pricing/assets/images/signs/icon_red_plus.png]
[the7demozone.dreamthemecom.netdna-cdn.com/main/wp-content/plugins/go_pricing/assets/images/signs/icon_red_star.png]
[the7demozone.dreamthemecom.netdna-cdn.com/main/wp-content/plugins/go_pricing/assets/images/signs/icon_green_arrow.png]
[the7demozone.dreamthemecom.netdna-cdn.com/main/wp-content/plugins/go_pricing/assets/images/signs/icon_green_arrow2.png]
[the7demozone.dreamthemecom.netdna-cdn.com/main/wp-content/plugins/go_pricing/assets/images/signs/icon_green_circle.png]
[the7demozone.dreamthemecom.netdna-cdn.com/main/wp-content/plugins/go_pricing/assets/images/signs/icon_green_cross.png]
[the7demozone.dreamthemecom.netdna-cdn.com/main/wp-content/plugins/go_pricing/assets/images/signs/icon_green_dot.png]
[the7demozone.dreamthemecom.netdna-cdn.com/main/wp-content/plugins/go_pricing/assets/images/signs/icon_green_minus.png]
[the7demozone.dreamthemecom.netdna-cdn.com/main/wp-content/plugins/go_pricing/assets/images/signs/icon_green_ok.png]
[the7demozone.dreamthemecom.netdna-cdn.com/main/wp-content/plugins/go_pricing/assets/images/signs/icon_green_plus.png]
[the7demozone.dreamthemecom.netdna-cdn.com/main/wp-content/plugins/go_pricing/assets/images/signs/icon_green_star.png]
[the7demozone.dreamthemecom.netdna-cdn.com/main/wp-content/plugins/go_pricing/assets/images/signs/icon_white_basket_medium.png]
[the7demozone.dreamthemecom.netdna-cdn.com/main/wp-content/plugins/go_pricing/assets/images/signs/icon_white_download_medium.png]
[the7demozone.dreamthemecom.netdna-cdn.com/main/wp-content/plugins/go_pricing/assets/images/signs/icon_white_basket_large.png]
[the7demozone.dreamthemecom.netdna-cdn.com/main/wp-content/plugins/go_pricing/assets/images/ribbons/ribbon_blue_left_50percent.png]
[the7demozone.dreamthemecom.netdna-cdn.com/main/wp-content/plugins/go_pricing/assets/images/ribbons/ribbon_blue_left_new.png]
[the7demozone.dreamthemecom.netdna-cdn.com/main/wp-content/plugins/go_pricing/assets/images/ribbons/ribbon_blue_left_top.png]
[the7demozone.dreamthemecom.netdna-cdn.com/main/wp-content/plugins/go_pricing/assets/images/ribbons/ribbon_blue_left_save.png]
[the7demozone.dreamthemecom.netdna-cdn.com/main/wp-content/plugins/go_pricing/assets/images/ribbons/ribbon_blue_right_50percent.png]
[the7demozone.dreamthemecom.netdna-cdn.com/main/wp-content/plugins/go_pricing/assets/images/ribbons/ribbon_blue_right_new.png]
[the7demozone.dreamthemecom.netdna-cdn.com/main/wp-content/plugins/go_pricing/assets/images/ribbons/ribbon_blue_right_top.png]
[the7demozone.dreamthemecom.netdna-cdn.com/main/wp-content/plugins/go_pricing/assets/images/ribbons/ribbon_blue_right_save.png]
[the7demozone.dreamthemecom.netdna-cdn.com/main/wp-content/plugins/go_pricing/assets/images/ribbons/ribbon_green_left_50percent.png]
[the7demozone.dreamthemecom.netdna-cdn.com/main/wp-content/plugins/go_pricing/assets/images/ribbons/ribbon_green_left_new.png]
[the7demozone.dreamthemecom.netdna-cdn.com/main/wp-content/plugins/go_pricing/assets/images/ribbons/ribbon_green_left_top.png]
[the7demozone.dreamthemecom.netdna-cdn.com/main/wp-content/plugins/go_pricing/assets/images/ribbons/ribbon_green_left_save.png]
[the7demozone.dreamthemecom.netdna-cdn.com/main/wp-content/plugins/go_pricing/assets/images/ribbons/ribbon_green_right_50percent.png]
[the7demozone.dreamthemecom.netdna-cdn.com/main/wp-content/plugins/go_pricing/assets/images/ribbons/ribbon_green_right_new.png]
[the7demozone.dreamthemecom.netdna-cdn.com/main/wp-content/plugins/go_pricing/assets/images/ribbons/ribbon_green_right_top.png]
[the7demozone.dreamthemecom.netdna-cdn.com/main/wp-content/plugins/go_pricing/assets/images/ribbons/ribbon_green_right_save.png]
[the7demozone.dreamthemecom.netdna-cdn.com/main/wp-content/plugins/go_pricing/assets/images/ribbons/ribbon_red_left_50percent.png]
[the7demozone.dreamthemecom.netdna-cdn.com/main/wp-content/plugins/go_pricing/assets/images/ribbons/ribbon_red_left_new.png]
[the7demozone.dreamthemecom.netdna-cdn.com/main/wp-content/plugins/go_pricing/assets/images/ribbons/ribbon_red_left_top.png]
[the7demozone.dreamthemecom.netdna-cdn.com/main/wp-content/plugins/go_pricing/assets/images/ribbons/ribbon_red_left_save.png]
[the7demozone.dreamthemecom.netdna-cdn.com/main/wp-content/plugins/go_pricing/assets/images/ribbons/ribbon_red_right_50percent.png]
[the7demozone.dreamthemecom.netdna-cdn.com/main/wp-content/plugins/go_pricing/assets/images/ribbons/ribbon_red_right_new.png]
[the7demozone.dreamthemecom.netdna-cdn.com/main/wp-content/plugins/go_pricing/assets/images/ribbons/ribbon_red_right_top.png]
[the7demozone.dreamthemecom.netdna-cdn.com/main/wp-content/plugins/go_pricing/assets/images/ribbons/ribbon_red_right_save.png]
[the7demozone.dreamthemecom.netdna-cdn.com/main/wp-content/plugins/go_pricing/assets/images/ribbons/ribbon_yellow_left_50percent.png]
[the7demozone.dreamthemecom.netdna-cdn.com/main/wp-content/plugins/go_pricing/assets/images/ribbons/ribbon_yellow_left_new.png]
[the7demozone.dreamthemecom.netdna-cdn.com/main/wp-content/plugins/go_pricing/assets/images/ribbons/ribbon_yellow_left_top.png]
[the7demozone.dreamthemecom.netdna-cdn.com/main/wp-content/plugins/go_pricing/assets/images/ribbons/ribbon_yellow_left_save.png]
[the7demozone.dreamthemecom.netdna-cdn.com/main/wp-content/plugins/go_pricing/assets/images/ribbons/ribbon_yellow_right_50percent.png]
[the7demozone.dreamthemecom.netdna-cdn.com/main/wp-content/plugins/go_pricing/assets/images/ribbons/ribbon_yellow_right_new.png]
[the7demozone.dreamthemecom.netdna-cdn.com/main/wp-content/plugins/go_pricing/assets/images/ribbons/ribbon_yellow_right_top.png]
[the7demozone.dreamthemecom.netdna-cdn.com/main/wp-content/plugins/go_pricing/assets/images/ribbons/ribbon_yellow_right_save.png]
[the7demozone.dreamthemecom.netdna-cdn.com/main/wp-content/plugins/go_pricing/assets/images/shadows/shadow_1.png]
[the7demozone.dreamthemecom.netdna-cdn.com/main/wp-content/plugins/go_pricing/assets/images/shadows/shadow_2.png]
[the7demozone.dreamthemecom.netdna-cdn.com/main/wp-content/plugins/go_pricing/assets/images/shadows/shadow_3.png]
[the7demozone.dreamthemecom.netdna-cdn.com/main/wp-content/plugins/go_pricing/assets/images/shadows/shadow_4.png]
[the7demozone.dreamthemecom.netdna-cdn.com/main/wp-content/plugins/go_pricing/assets/images/shadows/shadow_5.png]
[the7demozone.dreamthemecom.netdna-cdn.com/main/wp-content/plugins/go_pricing/assets/css/go_pricing_styles0d63.css]
[the7demozone.dreamthemecom.netdna-cdn.com/main/wp-content/plugins/go_pricing/assets/plugins/js/mediaelementjs/bigplay.svg]
[the7demozone.dreamthemecom.netdna-cdn.com/main/wp-content/plugins/go_pricing/assets/plugins/js/mediaelementjs/bigplay.png]
[the7demozone.dreamthemecom.netdna-cdn.com/main/wp-content/plugins/go_pricing/assets/plugins/js/mediaelementjs/background.png]
[the7demozone.dreamthemecom.netdna-cdn.com/main/wp-content/plugins/go_pricing/assets/plugins/js/mediaelementjs/loading.gif]
[the7demozone.dreamthemecom.netdna-cdn.com/main/wp-content/plugins/go_pricing/assets/plugins/js/mediaelementjs/controls.svg]
[the7demozone.dreamthemecom.netdna-cdn.com/main/wp-content/plugins/go_pricing/assets/plugins/js/mediaelementjs/controls.png]
[the7demozone.dreamthemecom.netdna-cdn.com/main/wp-content/plugins/go_pricing/assets/plugins/js/mediaelementjs/mediaelementplayer.min0d63.css]
[the7demozone.dreamthemecom.netdna-cdn.com/main/wp-content/plugins/go_pricing/assets/plugins/js/mediaelementjs/skin/bigplay.png]
[the7demozone.dreamthemecom.netdna-cdn.com/main/wp-content/plugins/go_pricing/assets/plugins/js/mediaelementjs/skin/loading.gif]
[the7demozone.dreamthemecom.netdna-cdn.com/main/wp-content/plugins/go_pricing/assets/plugins/js/mediaelementjs/skin/background.png]
[the7demozone.dreamthemecom.netdna-cdn.com/main/wp-content/plugins/go_pricing/assets/plugins/js/mediaelementjs/skin/sep.png]
[the7demozone.dreamthemecom.netdna-cdn.com/main/wp-content/plugins/go_pricing/assets/plugins/js/mediaelementjs/skin/controls.png]
[the7demozone.dreamthemecom.netdna-cdn.com/main/wp-content/plugins/go_pricing/assets/plugins/js/mediaelementjs/skin/mediaelementplayer0d63.css]
[the7demozone.dreamthemecom.netdna-cdn.com/main/wp-content/plugins/revslider/rs-plugin/assets/gridtile.png]
[the7demozone.dreamthemecom.netdna-cdn.com/main/wp-content/plugins/revslider/rs-plugin/assets/gridtile_white.png]
[the7demozone.dreamthemecom.netdna-cdn.com/main/wp-content/plugins/revslider/rs-plugin/assets/gridtile_3x3.png]
[the7demozone.dreamthemecom.netdna-cdn.com/main/wp-content/plugins/revslider/rs-plugin/assets/gridtile_3x3_white.png]
[the7demozone.dreamthemecom.netdna-cdn.com/main/wp-content/plugins/revslider/rs-plugin/assets/shadow1.png]
[the7demozone.dreamthemecom.netdna-cdn.com/main/wp-content/plugins/revslider/rs-plugin/assets/shadow2.png]
[the7demozone.dreamthemecom.netdna-cdn.com/main/wp-content/plugins/revslider/rs-plugin/assets/shadow3.png]
[the7demozone.dreamthemecom.netdna-cdn.com/main/wp-content/plugins/revslider/rs-plugin/images/gradient/g30.png]
[the7demozone.dreamthemecom.netdna-cdn.com/main/wp-content/plugins/revslider/rs-plugin/images/gradient/g40.png]
[the7demozone.dreamthemecom.netdna-cdn.com/main/wp-content/plugins/revslider/rs-plugin/assets/boxed_bgtile.png]
[the7demozone.dreamthemecom.netdna-cdn.com/main/wp-content/plugins/revslider/rs-plugin/assets/navigdots_bgtile.png]
[the7demozone.dreamthemecom.netdna-cdn.com/main/wp-content/plugins/revslider/rs-plugin/assets/bullet.png]
[the7demozone.dreamthemecom.netdna-cdn.com/main/wp-content/plugins/revslider/rs-plugin/assets/bullets.png]
[the7demozone.dreamthemecom.netdna-cdn.com/main/wp-content/plugins/revslider/rs-plugin/assets/bullets2.png]
[the7demozone.dreamthemecom.netdna-cdn.com/main/wp-content/plugins/revslider/rs-plugin/assets/bullet_boxed.png]
[the7demozone.dreamthemecom.netdna-cdn.com/main/wp-content/plugins/revslider/rs-plugin/assets/navigdots.png]
[the7demozone.dreamthemecom.netdna-cdn.com/main/wp-content/plugins/revslider/rs-plugin/assets/large_left.png]
[the7demozone.dreamthemecom.netdna-cdn.com/main/wp-content/plugins/revslider/rs-plugin/assets/large_right.png]
[the7demozone.dreamthemecom.netdna-cdn.com/main/wp-content/plugins/revslider/rs-plugin/assets/small_left.png]
[the7demozone.dreamthemecom.netdna-cdn.com/main/wp-content/plugins/revslider/rs-plugin/assets/small_right.png]
[the7demozone.dreamthemecom.netdna-cdn.com/main/wp-content/plugins/revslider/rs-plugin/assets/arrow_left.png]
[the7demozone.dreamthemecom.netdna-cdn.com/main/wp-content/plugins/revslider/rs-plugin/assets/arrow_right.png]
[the7demozone.dreamthemecom.netdna-cdn.com/main/wp-content/plugins/revslider/rs-plugin/assets/small_left_boxed.png]
[the7demozone.dreamthemecom.netdna-cdn.com/main/wp-content/plugins/revslider/rs-plugin/assets/small_right_boxed.png]
[the7demozone.dreamthemecom.netdna-cdn.com/main/wp-content/plugins/revslider/rs-plugin/assets/arrowleft.png]
[the7demozone.dreamthemecom.netdna-cdn.com/main/wp-content/plugins/revslider/rs-plugin/assets/arrowright.png]
[the7demozone.dreamthemecom.netdna-cdn.com/main/wp-content/plugins/revslider/rs-plugin/assets/arrow_left2.png]
[the7demozone.dreamthemecom.netdna-cdn.com/main/wp-content/plugins/revslider/rs-plugin/assets/arrow_right2.png]
[the7demozone.dreamthemecom.netdna-cdn.com/main/wp-content/plugins/revslider/rs-plugin/assets/timer.png]
[the7demozone.dreamthemecom.netdna-cdn.com/main/wp-content/plugins/revslider/rs-plugin/assets/coloredbg.png]
[the7demozone.dreamthemecom.netdna-cdn.com/main/wp-content/plugins/revslider/rs-plugin/assets/loader.gif]
[the7demozone.dreamthemecom.netdna-cdn.com/main/wp-content/plugins/revslider/rs-plugin/css/settings94aa.css]
[the7demozone.dreamthemecom.netdna-cdn.com/main/wp-content/themes/dt-the7/images/skill-bg.png]
[the7demozone.dreamthemecom.netdna-cdn.com/main/wp-content/themes/dt-the7/images/loading-ie.png]
[the7demozone.dreamthemecom.netdna-cdn.com/main/wp-content/themes/dt-the7/images/old-ie.png]
[the7demozone.dreamthemecom.netdna-cdn.com/main/wp-content/themes/dt-the7/images/loader.gif]
[the7demozone.dreamthemecom.netdna-cdn.com/main/wp-content/themes/dt-the7/images/old-ie-pp.png]
[the7demozone.dreamthemecom.netdna-cdn.com/main/wp-content/themes/dt-the7/css/maina352.css]
[the7demozone.dreamthemecom.netdna-cdn.com/main/wp-content/themes/dt-the7/css/font-awesome.mina352.css]
[the7demozone.dreamthemecom.netdna-cdn.com/main/wp-content/plugins/dt-demostand/assets/preloader.gif]
[the7demozone.dreamthemecom.netdna-cdn.com/main/wp-content/plugins/dt-demostand/assets/close-skin.png]
[the7demozone.dreamthemecom.netdna-cdn.com/main/wp-content/plugins/dt-demostand/assets/skin-hover.png]
[the7demozone.dreamthemecom.netdna-cdn.com/main/wp-content/plugins/dt-demostand/assets/skin-act.png]
[the7demozone.dreamthemecom.netdna-cdn.com/main/wp-content/plugins/dt-demostand/assets/small-tip.png]
[the7demozone.dreamthemecom.netdna-cdn.com/main/wp-content/plugins/dt-demostand/css/public3ec8.css]
[the7demozone.dreamthemecom.netdna-cdn.com/main/wp-content/themes/dt-the7/inc/presets/images/full/skin1.general-boxed-bg-image.jpg]
[the7demozone.dreamthemecom.netdna-cdn.com/main/wp-content/themes/dt-the7/inc/presets/images/full/skin1.stripes-stripe-3-bg-image.jpg]
[the7demozone.dreamthemecom.netdna-cdn.com/main/wp-content/plugins/dt-demostand/css/compiled/custom-new6a352.css]
[the7demozone.dreamthemecom.netdna-cdn.com/main/wp-content/themes/dt-the7/css/mediaa352.css]
[the7demozone.dreamthemecom.netdna-cdn.com/main/wp-content/themes/dt-the7/royalslider/grab.png]
[the7demozone.dreamthemecom.netdna-cdn.com/main/wp-content/themes/dt-the7/royalslider/grabbing.png]
[the7demozone.dreamthemecom.netdna-cdn.com/main/wp-content/themes/dt-the7/royalslider/blank.gif]
[the7demozone.dreamthemecom.netdna-cdn.com/main/wp-content/themes/dt-the7/royalslider/video-ico.png]
[the7demozone.dreamthemecom.netdna-cdn.com/main/wp-content/themes/dt-the7/royalslider/royalslidera352.css]
[the7demozone.dreamthemecom.netdna-cdn.com/main/wp-content/themes/dt-the7/stylea352.css]
[the7demozone.dreamthemecom.netdna-cdn.com/main/wp-content/themes/dt-the7/wpbakery/js_composer/assets/vc/alert.png]
[the7demozone.dreamthemecom.netdna-cdn.com/main/wp-includes/js/jquery/jquery-migrate.min1576.js]
[the7demozone.dreamthemecom.netdna-cdn.com/main/wp-content/themes/dt-the7/wpbakery/js_composer/assets/vc/info.png]
[the7demozone.dreamthemecom.netdna-cdn.com/main/wp-content/themes/dt-the7/wpbakery/js_composer/assets/vc/tick.png]
[the7demozone.dreamthemecom.netdna-cdn.com/main/wp-content/themes/dt-the7/wpbakery/js_composer/assets/vc/exclamation.png]
[the7demozone.dreamthemecom.netdna-cdn.com/main/wp-content/themes/dt-the7/wpbakery/js_composer/assets/images/toggle_open.png]
[the7demozone.dreamthemecom.netdna-cdn.com/main/wp-content/themes/dt-the7/wpbakery/js_composer/assets/images/toggle_close.png]
[the7demozone.dreamthemecom.netdna-cdn.com/main/wp-content/themes/dt-the7/wpbakery/js_composer/assets/images/icons/address-book.png]
[the7demozone.dreamthemecom.netdna-cdn.com/main/wp-content/themes/dt-the7/wpbakery/js_composer/assets/images/icons/alarm-clock.png]
[the7demozone.dreamthemecom.netdna-cdn.com/main/wp-content/themes/dt-the7/wpbakery/js_composer/assets/images/icons/anchor.png]
[the7demozone.dreamthemecom.netdna-cdn.com/main/wp-content/themes/dt-the7/wpbakery/js_composer/assets/images/icons/application-image.png]
[the7demozone.dreamthemecom.netdna-cdn.com/main/wp-content/themes/dt-the7/wpbakery/js_composer/assets/images/icons/arrow.png]
[the7demozone.dreamthemecom.netdna-cdn.com/main/wp-content/themes/dt-the7/wpbakery/js_composer/assets/images/icons/asterisk.png]
[the7demozone.dreamthemecom.netdna-cdn.com/main/wp-content/themes/dt-the7/wpbakery/js_composer/assets/images/icons/auction-hammer.png]
[the7demozone.dreamthemecom.netdna-cdn.com/main/wp-content/themes/dt-the7/wpbakery/js_composer/assets/images/icons/balloon.png]
[the7demozone.dreamthemecom.netdna-cdn.com/main/wp-content/themes/dt-the7/wpbakery/js_composer/assets/images/icons/balloon-buzz.png]
[the7demozone.dreamthemecom.netdna-cdn.com/main/wp-content/themes/dt-the7/wpbakery/js_composer/assets/images/icons/balloon-facebook.png]
[the7demozone.dreamthemecom.netdna-cdn.com/main/wp-content/themes/dt-the7/wpbakery/js_composer/assets/images/icons/balloon-twitter.png]
[the7demozone.dreamthemecom.netdna-cdn.com/main/wp-content/themes/dt-the7/wpbakery/js_composer/assets/images/icons/battery-full.png]
[the7demozone.dreamthemecom.netdna-cdn.com/main/wp-content/themes/dt-the7/wpbakery/js_composer/assets/images/icons/binocular.png]
[the7demozone.dreamthemecom.netdna-cdn.com/main/wp-content/themes/dt-the7/wpbakery/js_composer/assets/images/icons/blue-document-excel.png]
[the7demozone.dreamthemecom.netdna-cdn.com/main/wp-content/themes/dt-the7/wpbakery/js_composer/assets/images/icons/blue-document-image.png]
[the7demozone.dreamthemecom.netdna-cdn.com/main/wp-content/themes/dt-the7/wpbakery/js_composer/assets/images/icons/blue-document-music.png]
[the7demozone.dreamthemecom.netdna-cdn.com/main/wp-content/themes/dt-the7/wpbakery/js_composer/assets/images/icons/blue-document-office.png]
[the7demozone.dreamthemecom.netdna-cdn.com/main/wp-content/themes/dt-the7/wpbakery/js_composer/assets/images/icons/blue-document-pdf.png]
[the7demozone.dreamthemecom.netdna-cdn.com/main/wp-content/themes/dt-the7/wpbakery/js_composer/assets/images/icons/blue-document-powerpoint.png]
[the7demozone.dreamthemecom.netdna-cdn.com/main/wp-content/themes/dt-the7/wpbakery/js_composer/assets/images/icons/blue-document-word.png]
[the7demozone.dreamthemecom.netdna-cdn.com/main/wp-content/themes/dt-the7/wpbakery/js_composer/assets/images/icons/bookmark.png]
[the7demozone.dreamthemecom.netdna-cdn.com/main/wp-content/themes/dt-the7/wpbakery/js_composer/assets/images/icons/camcorder.png]
[the7demozone.dreamthemecom.netdna-cdn.com/main/wp-content/themes/dt-the7/wpbakery/js_composer/assets/images/icons/camera.png]
[the7demozone.dreamthemecom.netdna-cdn.com/main/wp-content/themes/dt-the7/wpbakery/js_composer/assets/images/icons/chart.png]
[the7demozone.dreamthemecom.netdna-cdn.com/main/wp-content/themes/dt-the7/wpbakery/js_composer/assets/images/icons/chart-pie.png]
[the7demozone.dreamthemecom.netdna-cdn.com/main/wp-content/themes/dt-the7/wpbakery/js_composer/assets/images/icons/clock.png]
[the7demozone.dreamthemecom.netdna-cdn.com/main/wp-content/themes/dt-the7/wpbakery/js_composer/assets/images/icons/control.png]
[the7demozone.dreamthemecom.netdna-cdn.com/main/wp-content/themes/dt-the7/wpbakery/js_composer/assets/images/icons/fire.png]
[the7demozone.dreamthemecom.netdna-cdn.com/main/wp-content/themes/dt-the7/wpbakery/js_composer/assets/images/icons/heart.png]
[the7demozone.dreamthemecom.netdna-cdn.com/main/wp-content/themes/dt-the7/wpbakery/js_composer/assets/images/icons/mail.png]
[the7demozone.dreamthemecom.netdna-cdn.com/main/wp-content/themes/dt-the7/wpbakery/js_composer/assets/images/icons/plus-shield.png]
[the7demozone.dreamthemecom.netdna-cdn.com/main/wp-content/themes/dt-the7/wpbakery/js_composer/assets/images/icons/video.png]
[the7demozone.dreamthemecom.netdna-cdn.com/main/wp-content/themes/dt-the7/wpbakery/js_composer/assets/images/flickr.png]
[the7demozone.dreamthemecom.netdna-cdn.com/main/wp-content/themes/dt-the7/wpbakery/js_composer/assets/css/js_composer_front8aee.css]
[the7demozone.dreamthemecom.netdna-cdn.com/main/wp-content/plugins/go_pricing/assets/plugins/js/mediaelementjs/bigplay.svg]
[the7demozone.dreamthemecom.netdna-cdn.com/main/wp-content/plugins/go_pricing/assets/plugins/js/mediaelementjs/controls.svg]
[the7demozone.dreamthemecom.netdna-cdn.com/main/wp-includes/js/jquery/jquery-migrate.min1576.js]
[the7demozone.dreamthemecom.netdna-cdn.com/main/wp-content/themes/dt-the7/css/img/close.html]
[the7demozone.dreamthemecom.netdna-cdn.com/main/wp-content/themes/dt-the7/css/img/circles.html]
